41_M3(w=0.000000) 
0 4 8 (29 33 36 )
0 4 8 (29 33 36 )
0 4 8 (29 33 36 )
0 4 8 (29 33 36 )
43_-5(w=2.000000) 
0 4 8 (31 35 38 )
0 4 8 (31 35 38 )
0 4 8 (31 35 38 )
0 4 8 (31 35 38 )
0 4 8 (31 35 38 )
0 4 8 (31 35 38 )
0 4 8 (31 35 38 )
0 4 8 (31 35 38 )
0 4 8 (31 35 38 )
0 4 8 (31 35 38 )
41_-5(w=3.500000) 
0 4 8 (29 33 36 )
0 4 8 (29 33 36 )
0 4 8 (29 33 36 )
0 4 8 (29 33 36 )
0 4 8 (29 33 36 )
0 4 8 (29 33 36 )
0 4 8 (29 33 36 )
0 4 8 (29 33 36 )
0 4 8 (29 33 36 )
0 4 8 (29 33 36 )
0 4 8 (29 33 36 )
0 4 8 (29 33 36 )
0 4 8 (29 33 36 )
0 4 8 (29 33 36 )
0 4 8 (29 33 36 )
0 4 8 (29 33 36 )
0 4 8 (29 33 36 )
0 4 8 (29 33 36 )
0 4 8 (29 33 36 )
0 4 8 (29 33 36 )
0 4 8 (29 33 36 )
0 4 8 (29 33 36 )
43_m3(w=0.000000) 
0 4 8 (31 35 38 )
0 4 8 (31 35 38 )
0 4 8 (31 35 38 )
0 4 8 (31 35 38 )
0 4 8 (31 35 38 )
0 4 8 (31 35 38 )
0 4 8 (31 35 38 )
0 4 8 (31 35 38 )
0 4 8 (31 35 38 )
0 4 8 (31 35 38 )
0 4 8 (31 35 38 )
0 4 8 (31 35 38 )
0 4 8 (31 35 38 )
0 4 8 (31 35 38 )
0 4 8 (31 35 38 )
0 4 8 (31 35 38 )
0 4 8 (31 35 38 )
0 4 8 (31 35 38 )
0 4 8 (31 35 38 )
0 4 8 (31 35 38 )
0 4 8 (31 35 38 )
0 4 8 (31 35 38 )
0 4 8 (31 35 38 )
0 4 8 (31 35 38 )
0 4 8 (31 35 38 )
0 4 8 (31 35 38 )
0 4 8 (31 35 38 )
0 4 8 (31 35 38 )
0 4 8 (31 35 38 )
0 4 8 (31 35 38 )
45_m3(w=4.500000) 
0 4 8 (33 36 40 )
0 4 8 (33 36 40 )
0 4 8 (33 36 40 )
0 4 8 (33 36 40 )
0 4 8 (33 36 40 )
0 4 8 (33 36 40 )
0 4 8 (33 36 40 )
0 4 8 (33 36 40 )
0 4 8 (33 36 40 )
0 4 8 (33 36 40 )
0 4 8 (33 36 40 )
0 4 8 (33 36 40 )
0 4 8 (33 36 40 )
0 4 8 (33 36 40 )
0 4 8 (33 36 40 )
0 4 8 (33 36 40 )
0 4 8 (33 36 40 )
0 4 8 (33 36 40 )
0 4 8 (33 36 40 )
0 4 8 (33 36 40 )
0 4 8 (33 36 40 )
0 4 8 (33 36 40 )
0 4 8 (33 36 40 )
0 4 8 (33 36 40 )
0 4 8 (33 36 40 )
0 4 8 (33 36 40 )
0 4 8 (33 36 40 )
0 4 8 (33 36 40 )
0 4 8 (33 36 40 )
0 4 8 (33 36 40 )
0 4 8 (33 36 40 )
0 4 8 (33 36 40 )
0 4 8 (33 36 40 )
0 4 8 (33 36 40 )
0 4 8 (33 36 40 )
0 4 8 (33 36 40 )
0 4 8 (33 36 40 )
0 4 8 (33 36 40 )
0 4 8 (33 36 40 )
0 4 8 (33 36 40 )
0 4 8 (33 36 40 )
0 4 8 (33 36 40 )
0 4 8 (33 36 40 )
0 4 8 (33 36 40 )
0 4 8 (33 36 40 )
0 4 8 (33 36 40 )
0 4 8 (33 36 40 )
0 4 8 (33 36 40 )
0 4 8 (33 36 40 )
0 4 8 (33 36 40 )
43_m3(w=0.000000) 
0 4 8 (31 35 38 )
0 4 8 (31 35 38 )
0 4 8 (31 35 38 )
0 4 8 (31 35 38 )
0 4 8 (31 35 38 )
0 4 8 (31 35 38 )
0 4 8 (31 35 38 )
0 4 8 (31 35 38 )
0 4 8 (31 35 38 )
0 4 8 (31 35 38 )
0 4 8 (31 35 38 )
0 4 8 (31 35 38 )
0 4 8 (31 35 38 )
0 4 8 (31 35 38 )
0 4 8 (31 35 38 )
0 4 8 (31 35 38 )
0 4 8 (31 35 38 )
0 4 8 (31 35 38 )
0 4 8 (31 35 38 )
0 4 8 (31 35 38 )
0 4 8 (31 35 38 )
0 4 8 (31 35 38 )
0 4 8 (31 35 38 )
0 4 8 (31 35 38 )
0 4 8 (31 35 38 )
0 4 8 (31 35 38 )
0 4 8 (31 35 38 )
0 4 8 (31 35 38 )
0 4 8 (31 35 38 )
0 4 8 (31 35 38 )
0 4 8 (31 35 38 )
0 4 8 (31 35 38 )
0 4 8 (31 35 38 )
0 4 8 (31 35 38 )
0 4 8 (31 35 38 )
0 4 8 (31 35 38 )
0 4 8 (31 35 38 )
0 4 8 (31 35 38 )
0 4 8 (31 35 38 )
0 4 8 (31 35 38 )
0 4 8 (31 35 38 )
0 4 8 (31 35 38 )
0 4 8 (31 35 38 )
0 4 8 (31 35 38 )
0 4 8 (31 35 38 )
0 4 8 (31 35 38 )
0 4 8 (31 35 38 )
0 4 8 (31 35 38 )
0 4 8 (31 35 38 )
0 4 8 (31 35 38 )
0 4 8 (31 35 38 )
0 4 8 (31 35 38 )
0 4 8 (31 35 38 )
0 4 8 (31 35 38 )
0 4 8 (31 35 38 )
0 4 8 (31 35 38 )
0 4 8 (31 35 38 )
0 4 8 (31 35 38 )
48_-5(w=3.500000) 
0 4 8 (36 40 43 )
0 4 8 (36 40 43 )
0 4 8 (36 40 43 )
0 4 8 (36 40 43 )
0 4 8 (36 40 43 )
0 4 8 (36 40 43 )
0 4 8 (36 40 43 )
0 4 8 (36 40 43 )
0 4 8 (36 40 43 )
0 4 8 (36 40 43 )
0 4 8 (36 40 43 )
0 4 8 (36 40 43 )
0 4 8 (36 40 43 )
0 4 8 (36 40 43 )
0 4 8 (36 40 43 )
0 4 8 (36 40 43 )
0 4 8 (36 40 43 )
0 4 8 (36 40 43 )
0 4 8 (36 40 43 )
0 4 8 (36 40 43 )
0 4 8 (36 40 43 )
0 4 8 (36 40 43 )
0 4 8 (36 40 43 )
0 4 8 (36 40 43 )
0 4 8 (36 40 43 )
0 4 8 (36 40 43 )
0 4 8 (36 40 43 )
0 4 8 (36 40 43 )
0 4 8 (36 40 43 )
0 4 8 (36 40 43 )
0 4 8 (36 40 43 )
0 4 8 (36 40 43 )
0 4 8 (36 40 43 )
0 4 8 (36 40 43 )
0 4 8 (36 40 43 )
0 4 8 (36 40 43 )
0 4 8 (36 40 43 )
0 4 8 (36 40 43 )
0 4 8 (36 40 43 )
0 4 8 (36 40 43 )
0 4 8 (36 40 43 )
0 4 8 (36 40 43 )
0 4 8 (36 40 43 )
0 4 8 (36 40 43 )
0 4 8 (36 40 43 )
0 4 8 (36 40 43 )
0 4 8 (36 40 43 )
0 4 8 (36 40 43 )
0 4 8 (36 40 43 )
0 4 8 (36 40 43 )
0 4 8 (36 40 43 )
0 4 8 (36 40 43 )
0 4 8 (36 40 43 )
0 4 8 (36 40 43 )
0 4 8 (36 40 43 )
0 4 8 (36 40 43 )
0 4 8 (36 40 43 )
0 4 8 (36 40 43 )
0 4 8 (36 40 43 )
0 4 8 (36 40 43 )
0 4 8 (36 40 43 )
0 4 8 (36 40 43 )
0 4 8 (36 40 43 )
0 4 8 (36 40 43 )
0 4 8 (36 40 43 )
0 4 8 (36 40 43 )
0 4 8 (36 40 43 )
0 4 8 (36 40 43 )
50_m3(w=1.000000) 
0 4 8 (38 41 45 )
0 4 8 (38 41 45 )
0 4 8 (38 41 45 )
0 4 8 (38 41 45 )
0 4 8 (38 41 45 )
0 4 8 (38 41 45 )
0 4 8 (38 41 45 )
0 4 8 (38 41 45 )
0 4 8 (38 41 45 )
0 4 8 (38 41 45 )
0 4 8 (38 41 45 )
0 4 8 (38 41 45 )
0 4 8 (38 41 45 )
0 4 8 (38 41 45 )
0 4 8 (38 41 45 )
0 4 8 (38 41 45 )
0 4 8 (38 41 45 )
0 4 8 (38 41 45 )
0 4 8 (38 41 45 )
0 4 8 (38 41 45 )
0 4 8 (38 41 45 )
0 4 8 (38 41 45 )
0 4 8 (38 41 45 )
0 4 8 (38 41 45 )
0 4 8 (38 41 45 )
0 4 8 (38 41 45 )
0 4 8 (38 41 45 )
0 4 8 (38 41 45 )
0 4 8 (38 41 45 )
0 4 8 (38 41 45 )
0 4 8 (38 41 45 )
0 4 8 (38 41 45 )
0 4 8 (38 41 45 )
0 4 8 (38 41 45 )
0 4 8 (38 41 45 )
0 4 8 (38 41 45 )
0 4 8 (38 41 45 )
0 4 8 (38 41 45 )
0 4 8 (38 41 45 )
0 4 8 (38 41 45 )
0 4 8 (38 41 45 )
0 4 8 (38 41 45 )
0 4 8 (38 41 45 )
0 4 8 (38 41 45 )
0 4 8 (38 41 45 )
0 4 8 (38 41 45 )
0 4 8 (38 41 45 )
0 4 8 (38 41 45 )
0 4 8 (38 41 45 )
0 4 8 (38 41 45 )
0 4 8 (38 41 45 )
0 4 8 (38 41 45 )
0 4 8 (38 41 45 )
0 4 8 (38 41 45 )
0 4 8 (38 41 45 )
0 4 8 (38 41 45 )
0 4 8 (38 41 45 )
0 4 8 (38 41 45 )
0 4 8 (38 41 45 )
0 4 8 (38 41 45 )
0 4 8 (38 41 45 )
0 4 8 (38 41 45 )
0 4 8 (38 41 45 )
0 4 8 (38 41 45 )
0 4 8 (38 41 45 )
0 4 8 (38 41 45 )
0 4 8 (38 41 45 )
0 4 8 (38 41 45 )
0 4 8 (38 41 45 )
0 4 8 (38 41 45 )
0 4 8 (38 41 45 )
0 4 8 (38 41 45 )
0 4 8 (38 41 45 )
10 0 4 (35 38 41 )
10 0 4 (35 38 41 )
10 0 4 (35 38 41 )
10 0 4 (35 38 41 )
10 0 4 (35 38 41 )
10 0 4 (35 38 41 )
10 0 4 (35 38 41 )
10 0 4 (35 38 41 )
10 0 4 (35 38 41 )
10 0 4 (35 38 41 )
10 0 4 (35 38 41 )
52_-5(w=2.000000) 
0 4 8 (40 43 47 )
0 4 8 (40 43 47 )
0 4 8 (40 43 47 )
0 4 8 (40 43 47 )
0 4 8 (40 43 47 )
0 4 8 (40 43 47 )
0 4 8 (40 43 47 )
0 4 8 (40 43 47 )
0 4 8 (40 43 47 )
0 4 8 (40 43 47 )
0 4 8 (40 43 47 )
0 4 8 (40 43 47 )
0 4 8 (40 43 47 )
0 4 8 (40 43 47 )
0 4 8 (40 43 47 )
0 4 8 (40 43 47 )
0 4 8 (40 43 47 )
0 4 8 (40 43 47 )
0 4 8 (40 43 47 )
0 4 8 (40 43 47 )
0 4 8 (40 43 47 )
0 4 8 (40 43 47 )
0 4 8 (40 43 47 )
0 4 8 (40 43 47 )
0 4 8 (40 43 47 )
0 4 8 (40 43 47 )
0 4 8 (40 43 47 )
0 4 8 (40 43 47 )
0 4 8 (40 43 47 )
0 4 8 (40 43 47 )
0 4 8 (40 43 47 )
0 4 8 (40 43 47 )
0 4 8 (40 43 47 )
0 4 8 (40 43 47 )
0 4 8 (40 43 47 )
0 4 8 (40 43 47 )
0 4 8 (40 43 47 )
0 4 8 (40 43 47 )
0 4 8 (40 43 47 )
0 4 8 (40 43 47 )
0 4 8 (40 43 47 )
0 4 8 (40 43 47 )
0 4 8 (40 43 47 )
0 4 8 (40 43 47 )
0 4 8 (40 43 47 )
0 4 8 (40 43 47 )
0 4 8 (40 43 47 )
0 4 8 (40 43 47 )
0 4 8 (40 43 47 )
0 4 8 (40 43 47 )
1 6 9 13 3 8 (28 33 35 39 42 47 )
1 6 9 13 3 8 (28 33 35 39 42 47 )
1 6 9 13 3 8 (28 33 35 39 42 47 )
1 6 9 13 3 8 (28 33 35 39 42 47 )
0 4 8 13 2 6 10 (28 31 35 39 41 45 48 )
0 4 8 13 2 6 10 (28 31 35 39 41 45 48 )
0 4 8 13 2 6 10 (28 31 35 39 41 45 48 )
0 4 8 13 2 6 10 (28 31 35 39 41 45 48 )
0 4 8 13 2 6 10 (28 31 35 39 41 45 48 )
0 4 8 13 2 6 10 (28 31 35 39 41 45 48 )
0 4 8 13 2 6 10 (28 31 35 39 41 45 48 )
0 4 8 13 2 6 10 (28 31 35 39 41 45 48 )
0 4 8 13 2 6 10 (28 31 35 39 41 45 48 )
0 4 8 13 2 6 10 (28 31 35 39 41 45 48 )
0 4 8 13 2 6 10 (28 31 35 39 41 45 48 )
0 4 8 13 2 6 10 (28 31 35 39 41 45 48 )
0 4 8 13 2 6 10 (28 31 35 39 41 45 48 )
0 4 8 13 2 6 10 (28 31 35 39 41 45 48 )
0 4 8 13 2 6 10 (28 31 35 39 41 45 48 )
0 4 8 13 2 6 10 (28 31 35 39 41 45 48 )
0 4 8 13 2 6 10 (28 31 35 39 41 45 48 )
0 4 8 13 2 6 10 (28 31 35 39 41 45 48 )
0 4 8 13 2 6 10 (28 31 35 39 41 45 48 )
0 4 8 13 2 6 10 (28 31 35 39 41 45 48 )
0 4 8 13 2 6 10 (28 31 35 39 41 45 48 )
0 4 8 13 2 6 10 (28 31 35 39 41 45 48 )
0 4 8 13 2 6 10 (28 31 35 39 41 45 48 )
0 4 8 13 2 6 10 (28 31 35 39 41 45 48 )
0 4 8 13 2 6 10 (28 31 35 39 41 45 48 )
0 4 8 13 2 6 10 (28 31 35 39 41 45 48 )
0 4 8 13 2 6 10 (28 31 35 39 41 45 48 )
0 4 8 13 2 6 10 (28 31 35 39 41 45 48 )
0 4 8 13 2 6 10 (28 31 35 39 41 45 48 )
0 4 8 13 2 6 10 (28 31 35 39 41 45 48 )
0 4 8 13 2 6 10 (28 31 35 39 41 45 48 )
0 4 8 13 2 6 10 (28 31 35 39 41 45 48 )
0 4 8 13 2 6 10 (28 31 35 39 41 45 48 )
0 4 8 13 2 6 10 (28 31 35 39 41 45 48 )
0 4 8 13 2 6 10 (28 31 35 39 41 45 48 )
0 4 8 13 2 6 10 (28 31 35 39 41 45 48 )
0 4 8 13 2 6 10 (28 31 35 39 41 45 48 )
0 4 8 13 2 6 10 (28 31 35 39 41 45 48 )
43_m7(w=2.500000) 
0 4 8 (31 35 38 )
0 4 8 (31 35 38 )
0 4 8 (31 35 38 )
0 4 8 (31 35 38 )
0 4 8 (31 35 38 )
0 4 8 (31 35 38 )
0 4 8 (31 35 38 )
0 4 8 (31 35 38 )
0 4 8 (31 35 38 )
0 4 8 (31 35 38 )
0 4 8 (31 35 38 )
0 4 8 (31 35 38 )
0 4 8 (31 35 38 )
0 4 8 (31 35 38 )
0 4 8 (31 35 38 )
0 4 8 (31 35 38 )
0 4 8 (31 35 38 )
0 4 8 (31 35 38 )
0 4 8 (31 35 38 )
0 4 8 (31 35 38 )
0 4 8 (31 35 38 )
0 4 8 (31 35 38 )
0 4 8 (31 35 38 )
0 4 8 (31 35 38 )
0 4 8 (31 35 38 )
0 4 8 (31 35 38 )
0 4 8 (31 35 38 )
0 4 8 (31 35 38 )
0 4 8 (31 35 38 )
0 4 8 (31 35 38 )
0 4 8 (31 35 38 )
0 4 8 (31 35 38 )
0 4 8 (31 35 38 )
0 4 8 (31 35 38 )
0 4 8 (31 35 38 )
0 4 8 (31 35 38 )
0 4 8 (31 35 38 )
0 4 8 (31 35 38 )
0 4 8 (31 35 38 )
0 4 8 (31 35 38 )
0 4 8 (31 35 38 )
0 4 8 (31 35 38 )
0 4 8 (31 35 38 )
0 4 8 (31 35 38 )
0 4 8 (31 35 38 )
0 4 8 (31 35 38 )
0 4 8 (31 35 38 )
0 4 8 (31 35 38 )
0 4 8 (31 35 38 )
0 4 8 (31 35 38 )
1 6 9 13 3 8 (20 24 27 30 34 38 )
1 6 9 13 3 8 (20 24 27 30 34 38 )
1 6 9 13 3 8 (20 24 27 30 34 38 )
1 6 9 13 3 8 (20 24 27 30 34 38 )
0 4 8 13 2 6 10 (19 23 26 30 33 36 40 )
0 4 8 13 2 6 10 (19 23 26 30 33 36 40 )
0 4 8 13 2 6 10 (19 23 26 30 33 36 40 )
0 4 8 13 2 6 10 (19 23 26 30 33 36 40 )
0 4 8 13 2 6 10 (19 23 26 30 33 36 40 )
0 4 8 13 2 6 10 (19 23 26 30 33 36 40 )
0 4 8 13 2 6 10 (19 23 26 30 33 36 40 )
0 4 8 13 2 6 10 (19 23 26 30 33 36 40 )
0 4 8 13 2 6 10 (19 23 26 30 33 36 40 )
0 4 8 13 2 6 10 (19 23 26 30 33 36 40 )
0 4 8 13 2 6 10 (19 23 26 30 33 36 40 )
0 4 8 13 2 6 10 (19 23 26 30 33 36 40 )
0 4 8 13 2 6 10 (19 23 26 30 33 36 40 )
0 4 8 13 2 6 10 (19 23 26 30 33 36 40 )
0 4 8 13 2 6 10 (19 23 26 30 33 36 40 )
0 4 8 13 2 6 10 (19 23 26 30 33 36 40 )
0 4 8 13 2 6 10 (19 23 26 30 33 36 40 )
0 4 8 13 2 6 10 (19 23 26 30 33 36 40 )
0 4 8 13 2 6 10 (19 23 26 30 33 36 40 )
0 4 8 13 2 6 10 (19 23 26 30 33 36 40 )
0 4 8 13 2 6 10 (19 23 26 30 33 36 40 )
0 4 8 13 2 6 10 (19 23 26 30 33 36 40 )
0 4 8 13 2 6 10 (19 23 26 30 33 36 40 )
0 4 8 13 2 6 10 (19 23 26 30 33 36 40 )
0 4 8 13 2 6 10 (19 23 26 30 33 36 40 )
0 4 8 13 2 6 10 (19 23 26 30 33 36 40 )
0 4 8 13 2 6 10 (19 23 26 30 33 36 40 )
0 4 8 13 2 6 10 (19 23 26 30 33 36 40 )
0 4 8 13 2 6 10 (19 23 26 30 33 36 40 )
0 4 8 13 2 6 10 (19 23 26 30 33 36 40 )
0 4 8 13 2 6 10 (19 23 26 30 33 36 40 )
0 4 8 13 2 6 10 (19 23 26 30 33 36 40 )
0 4 8 13 2 6 10 (19 23 26 30 33 36 40 )
0 4 8 13 2 6 10 (19 23 26 30 33 36 40 )
0 4 8 13 2 6 10 (19 23 26 30 33 36 40 )
0 4 8 13 2 6 10 (19 23 26 30 33 36 40 )
0 4 8 13 2 6 10 (19 23 26 30 33 36 40 )
7 10 0 (25 28 31 )
3 8 12 (34 38 41 )
3 8 12 (34 38 41 )
3 8 12 (34 38 41 )
3 8 12 (34 38 41 )
3 8 12 (34 38 41 )
3 8 12 (34 38 41 )
3 8 12 (34 38 41 )
3 8 12 (34 38 41 )
45_-5(w=2.000000) 
0 4 8 (33 36 40 )
0 4 8 (33 36 40 )
0 4 8 (33 36 40 )
0 4 8 (33 36 40 )
0 4 8 (33 36 40 )
0 4 8 (33 36 40 )
0 4 8 (33 36 40 )
0 4 8 (33 36 40 )
0 4 8 (33 36 40 )
0 4 8 (33 36 40 )
0 4 8 (33 36 40 )
0 4 8 (33 36 40 )
0 4 8 (33 36 40 )
0 4 8 (33 36 40 )
0 4 8 (33 36 40 )
0 4 8 (33 36 40 )
0 4 8 (33 36 40 )
0 4 8 (33 36 40 )
0 4 8 (33 36 40 )
0 4 8 (33 36 40 )
0 4 8 (33 36 40 )
0 4 8 (33 36 40 )
0 4 8 (33 36 40 )
0 4 8 (33 36 40 )
0 4 8 (33 36 40 )
0 4 8 (33 36 40 )
0 4 8 (33 36 40 )
0 4 8 (33 36 40 )
0 4 8 (33 36 40 )
0 4 8 (33 36 40 )
0 4 8 (33 36 40 )
0 4 8 (33 36 40 )
0 4 8 (33 36 40 )
0 4 8 (33 36 40 )
0 4 8 (33 36 40 )
0 4 8 (33 36 40 )
0 4 8 (33 36 40 )
0 4 8 (33 36 40 )
0 4 8 (33 36 40 )
0 4 8 (33 36 40 )
0 4 8 (33 36 40 )
0 4 8 (33 36 40 )
0 4 8 (33 36 40 )
0 4 8 (33 36 40 )
0 4 8 (33 36 40 )
0 4 8 (33 36 40 )
0 4 8 (33 36 40 )
0 4 8 (33 36 40 )
0 4 8 (33 36 40 )
0 4 8 (33 36 40 )
1 6 9 13 3 8 (22 26 28 32 35 40 )
1 6 9 13 3 8 (22 26 28 32 35 40 )
1 6 9 13 3 8 (22 26 28 32 35 40 )
1 6 9 13 3 8 (22 26 28 32 35 40 )
0 4 8 13 2 6 10 (21 24 28 32 35 38 41 )
0 4 8 13 2 6 10 (21 24 28 32 35 38 41 )
0 4 8 13 2 6 10 (21 24 28 32 35 38 41 )
0 4 8 13 2 6 10 (21 24 28 32 35 38 41 )
0 4 8 13 2 6 10 (21 24 28 32 35 38 41 )
0 4 8 13 2 6 10 (21 24 28 32 35 38 41 )
0 4 8 13 2 6 10 (21 24 28 32 35 38 41 )
0 4 8 13 2 6 10 (21 24 28 32 35 38 41 )
0 4 8 13 2 6 10 (21 24 28 32 35 38 41 )
0 4 8 13 2 6 10 (21 24 28 32 35 38 41 )
0 4 8 13 2 6 10 (21 24 28 32 35 38 41 )
0 4 8 13 2 6 10 (21 24 28 32 35 38 41 )
0 4 8 13 2 6 10 (21 24 28 32 35 38 41 )
0 4 8 13 2 6 10 (21 24 28 32 35 38 41 )
0 4 8 13 2 6 10 (21 24 28 32 35 38 41 )
0 4 8 13 2 6 10 (21 24 28 32 35 38 41 )
0 4 8 13 2 6 10 (21 24 28 32 35 38 41 )
0 4 8 13 2 6 10 (21 24 28 32 35 38 41 )
0 4 8 13 2 6 10 (21 24 28 32 35 38 41 )
0 4 8 13 2 6 10 (21 24 28 32 35 38 41 )
0 4 8 13 2 6 10 (21 24 28 32 35 38 41 )
0 4 8 13 2 6 10 (21 24 28 32 35 38 41 )
0 4 8 13 2 6 10 (21 24 28 32 35 38 41 )
0 4 8 13 2 6 10 (21 24 28 32 35 38 41 )
0 4 8 13 2 6 10 (21 24 28 32 35 38 41 )
0 4 8 13 2 6 10 (21 24 28 32 35 38 41 )
0 4 8 13 2 6 10 (21 24 28 32 35 38 41 )
0 4 8 13 2 6 10 (21 24 28 32 35 38 41 )
0 4 8 13 2 6 10 (21 24 28 32 35 38 41 )
0 4 8 13 2 6 10 (21 24 28 32 35 38 41 )
0 4 8 13 2 6 10 (21 24 28 32 35 38 41 )
0 4 8 13 2 6 10 (21 24 28 32 35 38 41 )
0 4 8 13 2 6 10 (21 24 28 32 35 38 41 )
0 4 8 13 2 6 10 (21 24 28 32 35 38 41 )
0 4 8 13 2 6 10 (21 24 28 32 35 38 41 )
0 4 8 13 2 6 10 (21 24 28 32 35 38 41 )
0 4 8 13 2 6 10 (21 24 28 32 35 38 41 )
7 10 0 (27 29 33 )
3 8 12 (35 40 43 )
3 8 12 (35 40 43 )
3 8 12 (35 40 43 )
3 8 12 (35 40 43 )
3 8 12 (35 40 43 )
3 8 12 (35 40 43 )
3 8 12 (35 40 43 )
3 8 12 (35 40 43 )
3 8 12 (35 40 43 )
3 8 12 (35 40 43 )
3 8 12 (35 40 43 )
3 8 12 (35 40 43 )
=========================================================
